// Jest Snapshot v1, https://goo.gl/fbAQLP

exports[`App Component should render App with error 1`] = `
<DocumentFragment>
  <h1>
    My first component.
  </h1>
</DocumentFragment>
`;
